# Location code -> o|p|q
# o = online only
# p = print only
# q = neither print only nor online only
ECL-EBOOKS	o
ECL-EJOURN	o
ECL-ONLINE	o
EDS-EBOOKS	o
EDS-EJOURN	o
EDS-ONLINE	o
EMCONL	o
FLO-CREDO	o
FLO-EBL	o
FLO-EBRARY	o
FLO-EXCEPT	o
FLO-MLSEBL	o
FLO-ONLINE	o
LES-EBOOKS	o
LES-EJOURN	o
LES-ONLINE	o
MCP-ELECT	o
MCP-EMEDIA	o
MFA-ERESOU	o
NCO-EBOOK	o
NCO-EJRNLS	o
NEC-FIRNCR	o
NEC-ONLINE	o
WHE-DigRef	o
WHE-EBook	o
WHE-Online	o
WIT-EBOOKS	o
WITONLINE	o
AIB-CIRC	p
AIB-DVD	p
AIB-ENCYC	p
AIB-MEDCD	p
AIB-OVER	p
AIB-PASS	p
AIB-RARE	p
AIB-REF	p
AIB-RESERV	p
AIB-SPRESV	p
AIB-STACKS	p
AIB-VIDEO	p
ECL	p
ECL-ACQ	p
ECL-ARCV	p
ECL-BIND	p
ECL-CARSER	p
ECL-CAT	p
ECL-CIRC	p
ECL-CIS	p
ECL-DIR	p
ECL-DSPL	p
ECL-ILL	p
ECL-INDEX	p
ECL-IR	p
ECL-MCRFM	p
ECL-MEDIA	p
ECL-MEDIAC	p
ECL-MSCOFF	p
ECL-NEWSPR	p
ECL-PERIOD	p
ECL-READYR	p
ECL-REF	p
ECL-REFOFF	p
ECL-REMOTE	p
ECL-RESERV	p
ECL-STOR02	p
ECL-STOR03	p
ECL-STOR04	p
ECL-STOR05	p
ECL-STOR06	p
ECL-STOR08	p
ECL-STOR97	p
ECL-STOR98	p
ECL-STOR99	p
ECL-THESIS	p
EDS-ALUM	p
EDS-ARCV	p
EDS-ATLAS	p
EDS-CAT	p
EDS-FICHE	p
EDS-FILM	p
EDS-FOLIO	p
EDS-HODGES	p
EDS-MEDIA	p
EDS-NEW	p
EDS-OFFICE	p
EDS-PORT	p
EDS-REF	p
EDS-REFF	p
EDS-RESERV	p
EDS-STACKS	p
EMCACQ	p
EMCAUTH	p
EMCB	p
EMCCIRC	p
EMCDIR	p
EMCILL	p
EMCINDEX	p
EMCJUV	p
EMCLEIS	p
emclib	p
EMCMED	p
EMCMUL	p
EMCREF	p
EMCREFDK	p
EMCRES	p
EMCRYAN	p
EMCSTKS	p
EMCSTOR	p
EMCTECH	p
EMCTVC	p
EMCVIDEO	p
FLOCIRC	p
FLOPIC	p
FLOVC	p
LES-ALUM	p
LES-ATLAS	p
LES-CASUAL	p
LES-CAT	p
LES-CIRC	p
LESDISPLAY	p
LES-FICHE	p
LES-FOLIO	p
LES-ILL	p
LESK-DESK	p
LESK-EARLY	p
LESK-FICT	p
LESK-MAG	p
LESK-MEDCD	p
LESK-MEDIA	p
LESK-PICT	p
LESK-PORT	p
LESKSTACKS	p
LESK-TESTS	p
LESK-TRC	p
LESK-TRCTX	p
LES-NEW	p
LES-PASS	p
LES-READY	p
LES-REF	p
LES-REFF	p
LES-RESERV	p
LES-STACKS	p
MCA-ARCHIV	p
MCA-ARTBKS	p
MCA-AVMS	p
MCACASSETT	p
MCA-CAT	p
MCA-CIRC	p
MCA-CIRCUL	p
MCA-FOLIO	p
MCA-INDEX	p
MCA-LAB	p
MCA-MAIN	p
MCAMAINCD	p
MCA-MEDIA	p
MCA-MPA	p
MCA-OVERSZ	p
MCA-RECORD	p
MCA-REF	p
MCARESERVE	p
MCA-SERIAL	p
MCA-SLCIRC	p
MCA-SLIDE	p
MCA-SpCol	p
MCA-SpC-OS	p
MCA-TS	p
MCA-VIDLAB	p
MCA-WDN	p
MCP-4thFLR	p
MCP-ARCHIV	p
MCP-CDROM	p
MCP-CIRC	p
MCP-DIR	p
MCP-FACDEV	p
MCP-LIBOFF	p
MCP-LOCKCS	p
MCP-L.R.	p
MCP-MANC	p
MCP-MANMED	p
MCP-MANREF	p
MCP-MEDIA	p
MCP-REF	p
MCP-REFDSK	p
MCP-REPAIR	p
MCP-RESDK	p
MCP-SERIAL	p
MCP-STORAG	p
MCP-TECH	p
MCP-THESIS	p
MCP-VCR	p
MFA-02	p
MFA-02A	p
MFA-02B	p
MFA-03	p
MFA-04	p
MFA-04A	p
MFA-04B	p
MFA-05	p
MFA-06	p
MFA-07	p
MFA-08	p
MFA-09	p
MFA-09A	p
MFA-AB	p
MFA-ARC	p
MFA-C	p
MFA-Circ	p
MFA-DC	p
MFA-MAIN	p
MFA-REF	p
MFA-REFM	p
MFA-SCH	p
MFA-SCH-AB	p
MFA-SCH-C	p
MFASCHCIRC	p
MFA-SCH-ON	p
MFA-SCHREF	p
MFA-SCH-VF	p
MFA-Stor	p
MFA-VF	p
NCO-BOARDS	p
NCO-CDROM	p
NCO-CIRC	p
NCO-DISPLY	p
NCO-DRMRES	p
NCO-EDUC	p
NCO-JRNLS	p
NCO-LAPTOP	p
NCO-MARCO	p
NCO-MEDIA	p
NCO-MYERS	p
NCO-NEEC	p
NCO-NEER	p
NCO-NEW	p
NCO-OFFICE	p
NCO-OVERSZ	p
NCO-REF	p
NCO-REFOVR	p
NCO-RESERV	p
NCO-REVIEW	p
NCO-SPCOLL	p
NCO-STACKS	p
NEC	p
NEC-AQDSK	p
NEC-AVRARE	p
NEC-BINDER	p
NEC-CRDESK	p
NEC-DESK	p
NEC-DSKNCR	p
NEC-FAQDSK	p
NEC-FCRDSK	p
NEC-FIRE	p
NEC-MINI	p
NEC-MINNCR	p
NEC-NONCIR	p
NEC-OFFICE	p
NEC-OVRNCR	p
NEC-OVRSIZ	p
NEC-PRES	p
NEC-REFER	p
NEC-RESFIR	p
NEC-SRDESK	p
NEC-STOR	p
NEC-VAULT	p
review	p
WHE-1	p
WHE-1M	p
WHE-2	p
WHE-2M	p
WHE-3	p
WHE-3M	p
WHE-Archve	p
WHE-Browse	p
WHE-CIRC	p
WHE-Desk	p
WHE-LibOff	p
WHE-Main	p
WHE-RC(NC)	p
WHE-ResCtr	p
WHE-SER	p
WHE-Stor	p
WHE-Sys	p
WHE-TeStor	p
WITCIRC	p
WITCIRCDSK	p
WITDISPLAY	p
WITDRAWER	p
WITFICTION	p
WITORDER	p
WITOVERSIZ	p
WITREF	p
WITSERDSK	p
WITSTACKS	p
WITSTAFF	p
WITVIEW	p
WOR-CIRC	p
WOR-CIRDSK	p
WOR-REF	p
WOR-SER	p
AIB-MEDIA	q
AIB-PER	q
EDS-NEWS	q
EDS-PER	q
EMCARC	q
EMCPER	q
LES-ARCV	q
LES-FILM	q
LES-NEWS	q
LES-PER	q
WOR-MEDIA	q
